// Jest Snapshot v1, https://goo.gl/fbAQLP

exports[`<HomeScreen /> renders correctly 1`] = `
[
  " ",
  <View
    style={
      {
        "alignItems": "center",
        "backgroundColor": "rgba(103, 80, 164, 1)",
        "flex": 1,
        "justifyContent": "flex-start",
      }
    }
  >
    <Text
      style={
        {
          "color": "rgba(98, 91, 113, 1)",
          "fontSize": 35,
          "marginTop": 50,
        }
      }
    >
      Hallo User!
    </Text>
    <View
      collapsable={false}
      style={
        {
          "backgroundColor": "rgba(103, 80, 164, 1)",
          "borderRadius": 10,
          "height": 80,
          "marginTop": 50,
          "shadowColor": "#000",
          "shadowOffset": {
            "height": 4,
            "width": 0,
          },
          "shadowOpacity": 0.15,
          "shadowRadius": 8,
          "width": 350,
        }
      }
      testID="surface-outer-layer"
    >
      <View
        collapsable={false}
        style={
          {
            "alignItems": "center",
            "backgroundColor": "rgba(103, 80, 164, 1)",
            "borderColor": "rgba(98, 91, 113, 1)",
            "borderRadius": 10,
            "borderWidth": 1,
            "flex": 1,
            "justifyContent": "center",
            "shadowColor": "#000",
            "shadowOffset": {
              "height": 1,
              "width": 0,
            },
            "shadowOpacity": 0.3,
            "shadowRadius": 3,
          }
        }
        testID="surface"
      >
        <Text
          style={
            {
              "color": "rgba(98, 91, 113, 1)",
              "fontSize": 25,
            }
          }
        >
          0
           Schritte
        </Text>
      </View>
    </View>
    <View
      collapsable={false}
      style={
        {
          "backgroundColor": "rgba(103, 80, 164, 1)",
          "borderRadius": 10,
          "height": 150,
          "marginBottom": 25,
          "marginTop": 25,
          "shadowColor": "#000",
          "shadowOffset": {
            "height": 4,
            "width": 0,
          },
          "shadowOpacity": 0.15,
          "shadowRadius": 8,
          "width": 350,
        }
      }
      testID="surface-outer-layer"
    >
      <View
        collapsable={false}
        style={
          {
            "alignItems": "center",
            "backgroundColor": "rgba(103, 80, 164, 1)",
            "borderColor": "rgba(98, 91, 113, 1)",
            "borderRadius": 10,
            "borderWidth": 1,
            "display": "flex",
            "flex": 1,
            "flexDirection": "row",
            "justifyContent": "space-around",
            "shadowColor": "#000",
            "shadowOffset": {
              "height": 1,
              "width": 0,
            },
            "shadowOpacity": 0.3,
            "shadowRadius": 3,
          }
        }
        testID="surface"
      >
        <Text
          style={
            {
              "color": "rgba(98, 91, 113, 1)",
              "fontSize": 25,
            }
          }
        >
          1700 kcal
        </Text>
        <View>
          <Text
            style={
              {
                "color": "#808080",
                "fontSize": 20,
                "marginTop": 5,
              }
            }
          >
            Grundverbrauch
          </Text>
          <Text
            style={
              {
                "color": "#808080",
                "fontSize": 20,
                "marginTop": 5,
              }
            }
          >
            1500
             kcal
          </Text>
          <Text
            style={
              {
                "color": "#808080",
                "fontSize": 20,
                "marginTop": 5,
              }
            }
          >
            Aktivitäten
          </Text>
          <Text
            style={
              {
                "color": "#808080",
                "fontSize": 20,
                "marginTop": 5,
              }
            }
          >
            200.00 kcal
          </Text>
        </View>
      </View>
    </View>
    <View
      accessibilityState={
        {
          "busy": undefined,
          "checked": undefined,
          "disabled": undefined,
          "expanded": undefined,
          "selected": undefined,
        }
      }
      accessibilityValue={
        {
          "max": undefined,
          "min": undefined,
          "now": undefined,
          "text": undefined,
        }
      }
      accessible={true}
      collapsable={false}
      focusable={true}
      onClick={[Function]}
      onResponderGrant={[Function]}
      onResponderMove={[Function]}
      onResponderRelease={[Function]}
      onResponderTerminate={[Function]}
      onResponderTerminationRequest={[Function]}
      onStartShouldSetResponder={[Function]}
      style={
        {
          "opacity": 1,
        }
      }
      testID="increase-button"
    >
      <View
        style={
          [
            {
              "alignItems": "center",
              "borderRadius": 50,
              "borderWidth": 3,
              "height": 60,
              "justifyContent": "center",
              "marginBottom": 10,
              "width": 60,
            },
            {
              "borderColor": "rgba(98, 91, 113, 1)",
            },
          ]
        }
      >
        <Text
          accessibilityElementsHidden={true}
          allowFontScaling={false}
          importantForAccessibility="no-hide-descendants"
          pointerEvents="none"
          selectable={false}
          style={
            [
              {
                "color": "rgba(98, 91, 113, 1)",
                "fontSize": 50,
              },
              [
                {
                  "lineHeight": 50,
                  "transform": [
                    {
                      "scaleX": 1,
                    },
                  ],
                },
                {
                  "backgroundColor": "transparent",
                },
              ],
              {
                "fontFamily": "material-community",
                "fontStyle": "normal",
                "fontWeight": "normal",
              },
              {},
            ]
          }
        >
          󰐕
        </Text>
      </View>
    </View>
    <View
      style={
        {
          "alignItems": "flex-end",
          "flexDirection": "row",
        }
      }
    >
      <Text
        style={
          {
            "color": "rgba(98, 91, 113, 1)",
            "fontSize": 50,
            "marginBottom": 5,
          }
        }
      >
        0.1 kg
      </Text>
      <Text
        style={
          {
            "color": "rgba(98, 91, 113, 1)",
            "fontSize": 15,
            "marginBottom": 5,
            "marginLeft": 5,
          }
        }
      >
        Kg
      </Text>
    </View>
    <View
      style={
        {
          "backgroundColor": "rgba(98, 91, 113, 1)",
          "height": 1,
          "marginBottom": 20,
          "width": 180,
        }
      }
    />
    <View
      accessibilityState={
        {
          "busy": undefined,
          "checked": undefined,
          "disabled": undefined,
          "expanded": undefined,
          "selected": undefined,
        }
      }
      accessibilityValue={
        {
          "max": undefined,
          "min": undefined,
          "now": undefined,
          "text": undefined,
        }
      }
      accessible={true}
      collapsable={false}
      focusable={true}
      onClick={[Function]}
      onResponderGrant={[Function]}
      onResponderMove={[Function]}
      onResponderRelease={[Function]}
      onResponderTerminate={[Function]}
      onResponderTerminationRequest={[Function]}
      onStartShouldSetResponder={[Function]}
      style={
        {
          "opacity": 1,
        }
      }
      testID="decrease-button"
    >
      <View
        style={
          [
            {
              "alignItems": "center",
              "borderRadius": 50,
              "borderWidth": 3,
              "height": 60,
              "justifyContent": "center",
              "marginBottom": 10,
              "width": 60,
            },
            {
              "borderColor": "rgba(98, 91, 113, 1)",
            },
          ]
        }
      >
        <Text
          accessibilityElementsHidden={true}
          allowFontScaling={false}
          importantForAccessibility="no-hide-descendants"
          pointerEvents="none"
          selectable={false}
          style={
            [
              {
                "color": "rgba(98, 91, 113, 1)",
                "fontSize": 50,
              },
              [
                {
                  "lineHeight": 50,
                  "transform": [
                    {
                      "scaleX": 1,
                    },
                  ],
                },
                {
                  "backgroundColor": "transparent",
                },
              ],
              {
                "fontFamily": "material-community",
                "fontStyle": "normal",
                "fontWeight": "normal",
              },
              {},
            ]
          }
        >
          󰍴
        </Text>
      </View>
    </View>
  </View>,
]
`;
